frog
【1名】
    1. 《動物》カエル
    2. 〔生け花の〕剣山
    3. 《音楽》フロッグ、フロッシュ◆バイオリンなどの弦をスティックに止めるための支持材。◆【同】nut
    4. 〔のどの〕痰、いがいが
    5. 〈英俗・軽蔑的〉フランス人
    6. ＝frog and toad
【2名】
    - ＝frogging
【3名】
    - 〔馬のひづめの〕蹄叉◆ひづめの中心部の軟骨部。
【4名】
    - 〔鉄道の〕フロッグ、轍叉◆二つの線路が交差するときの、交差部分の構造体。

frog abdomen
    - 蛙腹

frog aimed by a snake
    - ヘビににらまれたカエル

frog and toad
    - 〈英〉道路◆roadの押韻俗語

frog at the bottom of the well
    - 《a ～》井の中の蛙

frog breathing
    - 《医》カエル［舌咽頭］呼吸

frog call
    - カエルの鳴き声

frog eggs
    - カエルの卵

frog embryo
    - カエル胚

frog hair
    - 〈米俗〉政治資金

frog in the throat
    - 嗄声

frog kick
    - 《水泳》フロッグキック◆平泳ぎでのカエル足のようなキック

Frog King
【著作】
    - 《The ～》かえるの王さま◆グリム童話の一つ。

frog nerve-muscle preparation
    - カエル神経筋標本

frog orchid
    - 《植物》アオチドリ

frog position
    - カエル姿勢

frog posture
    - カエル姿勢

frog sculpin
    - 《魚》ギスカジカ、がにくい、がぬくれ◆海の沿岸に棲み、幼魚は川にも。大きいのは40cm長。腹に白い模様。

frog sitting in a well
    - 井戸の中の［でじっとしている・でうずくまっている］蛙

frog spit
    1. 《植物》緑藻類
    2. ＝cuckoo-spit

"Frog" is a seasonal word of spring.
    - 「蛙」は、春を表す季語です。

barking frog
    - 《動物》コヤスガエル

big frog
    1. 大きなカエル
    2. 〈米話〉大物、重要人物、有力者、大立者

big frog in a little pond
    - ＝big fish in a little pond

big frog in a small pond
    - 小さな池の大きなカエル◆非常に能力があること

bull frog
    - 牛蛙

chorus frog
    - 《動》コーラスガエル

clone frog
    - クローンカエル
    - 【表現パターン】clone ［cloned］ frog

cricket frog
    - 《動物》コオロギガエル

edible frog
    - 食用ガエル

European frog
    - 《動物》ヨーロッパトノサマガエル◆ヨーロッパ産のアカガエルの一種。学名はrana esculenta

fishing frog
    - 《魚》アンコウ

freddo frog
    - 〈豪〉カエルの形をした小さなチョコレート◆チョコの名前

gastric-brooding frog
    - 胃の中で子どもを育てるカエル

grass frog
    - ヨーロッパアカガエル◆【学名】Rana temporaria

green frog
    - アオガエル

hairy frog
    - 《動物》アフリカモリアオガエル

horned frog
    1. 《動物》ツノガエル
    2. 〈英〉ツノトカゲ◆【同】〈米〉horned lizard

leopard frog
    - 《動》ヒョウガエル

nurse frog
    - 《動物》サンバガエル

poison frog
    - 有毒カエル

poisonous frog
    - 毒蛙

rain frog
    - アマガエル

spinal frog
    - 脊髄ガエル◆脳を取り除いたカエル

tailed frog
    - 《動物》オガエル
    - 【表現パターン】tailed ［ribbed, bell］ frog ［toad］

The frog called after her, 'Stay, princess, and take me with you as you promised;'
    - カエルは後ろから呼び掛けました。「待ってください、お姫さま、約束したとおり僕も一緒に連れて行ってください」

The frog cannot out of her bog.
    - 蛙は住家の穴から出られない。◆ことわざ

The frog said, 'I want not your pearls and jewels and fine clothes; but if you will love me and let me live with you, and eat from your little golden plate, and sleep upon your little bed, I will bring you your ball again.'
    - カエルは言いました。「あなたの真珠も宝石もきれいな服も、僕は欲しくありません。けれども、あなたが僕を愛してくれて、あなたと一緒に住むことや、あなたの小さな金のお皿で食事することや、あなたの小さなベッドで眠ることを許してくれるというなら、僕があなたのまりを取り戻してきてあげましょう」

These frog species are easily affected by precipitation chemistry.
    - これらの種のカエルは雨に含まれる化学成分の影響を被りやすい。

tree frog
    - 《動物》アマガエル
