ruby
【名】
    1. 《鉱物》ルビー、紅玉◆7月の誕生石
    2. 《印刷》ルビー型活字◆活版印刷が始まった頃、活字の大きさを示す単位として宝石の名前が使われた。日本では江戸時代に活版印刷が始まり、振り仮名のサイズにルビー型活字が使われたので、振り仮名を「ルビ」と呼ぶようになった。
    3. ルビー［深紅・濃紅］色
【形】
    - ルビー［深紅・濃紅］色の

Ruby
【名】
    - ルビー◆まつもとゆきひろ氏が開発したプログラミング言語。Perlなどの影響を受けている。◆【語源】先行する言語Perl（＝pearl「真珠」のつづりを変えたもの）に倣い、開発者が宝石（同僚の誕生石）の名を付けた。真珠は6月、ルビーは7月の誕生石であり、印刷用語でrubyはpearlより一回り大きい活字を表す。従って「Perlの次・一歩先」を暗示しているとも取れるが、そこまで意図して名前を選んだわけではないという。
【映画】
    - ジャック・ルビー◆米1992《監督》ジョン・マッケンジー《出演》ダニー・アイエロ、シェリリン・フェン
【地名】
    - ルビー

ruby crystal
    - ルビー結晶
