蛙
    - grenouille〈フランス語〉

蛙さん！
    - A froggie!

蛙は住家の穴から出られない。
    - The frog cannot out of her bog.〔ことわざ〕

蛙肉
    - grenouille viande〈フランス語〉

蛙腹
    - frog abdomen

蛙飛び防止条項
    - anti-leapfrogging provision〔州際銀行活動において、相互進出地域に関する法規制をくぐり抜けて銀行が他州に進出することを防止する条項。〕

＜母娘について＞蛙の子は蛙。／この親にしてこの子あり。／親が親なら子も子。
    - Like mother, like daughter.

＜父子について＞蛙の子は蛙。／この親にしてこの子あり。／親が親なら子も子。
    - Like father, like son.

「蛙」は、春を表す季語です。
    - "Frog" is a seasonal word of spring.

この父にしてこの子あり。／似たもの親子。／蛙の子は蛙。
    - Like father, like son.《諺》

キツネの子は飼いならせない。／蛙の子は蛙。
    - The tod's bairns are ill to tame.〔ことわざ〕

ジャックがフランス語を話せたら紳士になれたであろう。／蛙の子は蛙。
    - Jack would be a gentleman if he could speak French.〔ことわざ〕
